12-07 15:48:48 com_github_MitjaNemec_ReplicateLayout.action_replicate_layout 392:Plugin executed on: 'win32'
12-07 15:48:48 com_github_MitjaNemec_ReplicateLayout.action_replicate_layout 393:Plugin executed with python version: '3.11.5 (main, Aug 14 2024, 05:26:19) [MSC v.1939 64 bit (AMD64)]'
12-07 15:48:48 com_github_MitjaNemec_ReplicateLayout.action_replicate_layout 394:KiCad build version: 8.0.5
12-07 15:48:48 com_github_MitjaNemec_ReplicateLayout.action_replicate_layout 395:Plugin version: 3.0.3
12-07 15:48:48 com_github_MitjaNemec_ReplicateLayout.action_replicate_layout 396:Frame repr: <wx._core.Frame object at 0x000001531D14C160>
12-07 15:48:48 com_github_MitjaNemec_ReplicateLayout.action_replicate_layout 420:Preparing replicator with R50 as a reference
12-07 15:48:48 com_github_MitjaNemec_ReplicateLayout.replicate_layout 117:getting a list of all footprints on board
12-07 15:48:48 com_github_MitjaNemec_ReplicateLayout.action_replicate_layout 468:source anchor footprint is 'R50'
Located on: ['Fan3']
With filenames: ['currentsense.kicad_sch']
With sheet_id:['Fan3']
12-07 15:48:48 com_github_MitjaNemec_ReplicateLayout.action_replicate_layout 475:Corresponding footprints are 
[('R50', ['Fan3']), ('R65', ['Fan4']), ('R26', ['Array Contactor']), ('R12', ['HV+ contactor']), ('R40', ['Fan2']), ('R33', ['Fan1']), ('R19', ['HV- Contactor']), ('R1', ['Fan5'])]
12-07 15:48:48 com_github_MitjaNemec_ReplicateLayout.action_replicate_layout 487:Showing dialog
12-07 15:48:48 com_github_MitjaNemec_ReplicateLayout.replicate_layout 472:constructing a list of sheets suitable for replication on level:'Fan3', file:'currentsense.kicad_sch'
12-07 15:48:48 com_github_MitjaNemec_ReplicateLayout.replicate_layout 509:suitable sheets are:[['Array Contactor'], ['Fan1'], ['Fan2'], ['Fan4'], ['Fan5'], ['HV+ contactor'], ['HV- Contactor']]
12-07 15:48:48 com_github_MitjaNemec_ReplicateLayout.replicate_layout 1507:Level selected: ['Fan3']
12-07 15:48:48 com_github_MitjaNemec_ReplicateLayout.replicate_layout 1331:Filtering list of tracks
12-07 15:48:48 com_github_MitjaNemec_ReplicateLayout.action_replicate_layout 493:Toolbar position: wx.Point(-30124, -31956)
12-07 15:48:48 com_github_MitjaNemec_ReplicateLayout.action_replicate_layout 498:Dialog position: wx.Point(-30563, -31956)
